
> free-nextjs-admin-dashboard@2.3.0 build D:\monorepo-project-workspace\ladipage-fe-v2
> next build

Γû▓ Next.js 16.2.9 (Turbopack)
- Environments: .env

  Creating an optimized production build ...
Γ£ô Compiled successfully in 33.1s
  Running TypeScript ...
  Finished TypeScript in 73s ...
  Collecting page data using 15 workers ...
  Generating static pages using 15 workers (0/187) ...
  Generating static pages using 15 workers (46/187) 
  Generating static pages using 15 workers (93/187) 
  Generating static pages using 15 workers (140/187) 
Γ£ô Generating static pages using 15 workers (187/187) in 2.2s
  Finalizing page optimization ...

Route (app)
Γöî Γùï /
Γö£ Γùï /_not-found
Γö£ Γùï /ai-seo
Γö£ Γùï /ai-seo/chat
Γö£ Γùï /ai-seo/history
Γö£ Γùï /ai-seo/playbooks
Γö£ Γùï /ai-seo/projects
Γö£ ╞Æ /ai-seo/projects/[projectId]/installation
Γö£ ╞Æ /ai-seo/projects/[projectId]/landing-pages
Γö£ ╞Æ /ai-seo/projects/[projectId]/tasks
Γö£ Γùï /ai-seo/projects/create
Γö£ ╞Æ /api/ai-seo/agents
Γö£ ╞Æ /api/ai-seo/conversations
Γö£ ╞Æ /api/ai-seo/conversations/[id]
Γö£ ╞Æ /api/ai-seo/conversations/[id]/messages
Γö£ ╞Æ /api/ai-seo/integrations/google/gbp/callback
Γö£ ╞Æ /api/ai-seo/integrations/google/gbp/connect-url
Γö£ ╞Æ /api/ai-seo/integrations/google/gsc/callback
Γö£ ╞Æ /api/ai-seo/integrations/google/gsc/connect-url
Γö£ ╞Æ /api/ai-seo/jobs/[jobId]
Γö£ ╞Æ /api/ai-seo/jobs/[jobId]/events
Γö£ ╞Æ /api/ai-seo/projects
Γö£ ╞Æ /api/ai-seo/projects/[projectId]
Γö£ ╞Æ /api/ai-seo/projects/[projectId]/agent-status
Γö£ ╞Æ /api/ai-seo/projects/[projectId]/favorite
Γö£ ╞Æ /api/ai-seo/projects/[projectId]/landing-pages
Γö£ ╞Æ /api/ai-seo/projects/[projectId]/landing-pages/[pageId]
Γö£ ╞Æ /api/ai-seo/projects/[projectId]/landing-pages/[pageId]/scan
Γö£ ╞Æ /api/ai-seo/projects/[projectId]/landing-pages/[pageId]/scores
Γö£ ╞Æ /api/ai-seo/projects/[projectId]/landing-pages/[pageId]/tasks
Γö£ ╞Æ /api/ai-seo/projects/[projectId]/scan
Γö£ ╞Æ /api/ai-seo/runs/[runId]/tool-calls
Γö£ ╞Æ /api/ai-seo/seo-projects
Γö£ ╞Æ /api/ai-seo/seo-projects/[seoProjectId]
Γö£ ╞Æ /api/ai-seo/seo-projects/[seoProjectId]/installation
Γö£ ╞Æ /api/ai-seo/seo-projects/[seoProjectId]/installation/check
Γö£ ╞Æ /api/ai-seo/seo-projects/[seoProjectId]/setup
Γö£ ╞Æ /api/ai-seo/seo-projects/[seoProjectId]/start-audit
Γö£ ╞Æ /api/ai-seo/seo-projects/[seoProjectId]/tasks
Γö£ ╞Æ /api/ai-seo/seo-tasks
Γö£ ╞Æ /api/ai-seo/seo-tasks/[taskId]
Γö£ ╞Æ /api/ai-seo/seo-tasks/[taskId]/approve
Γö£ ╞Æ /api/ai-seo/seo-tasks/[taskId]/deploy
Γö£ ╞Æ /api/ai-seo/seo-tasks/[taskId]/reject
Γö£ ╞Æ /api/ai-seo/website-projects
Γö£ ╞Æ /api/ai-seo/website-projects/[websiteProjectId]/pages
Γö£ ╞Æ /api/ai-seo/website-projects/[websiteProjectId]/pages/[pageId]/connect-ai-seo
Γö£ ╞Æ /api/ai-seo/website-projects/[websiteProjectId]/pages/[pageId]/publish
Γö£ ╞Æ /api/auth/refresh
Γö£ ╞Æ /api/builder/import-html
Γö£ ╞Æ /api/builder/pages/[pageId]
Γö£ ╞Æ /api/builder/publish
Γö£ ╞Æ /api/builder/session
Γö£ ╞Æ /api/builder/upload
Γö£ ╞Æ /api/flowise/[...path]
Γö£ ╞Æ /api/gads/[...path]
Γö£ ╞Æ /api/landing-pages
Γö£ ╞Æ /api/landing-pages/import
Γö£ ╞Æ /api/landing-pages/import-zip
Γö£ ╞Æ /api/public/landing-pages/sdk-config
Γö£ ╞Æ /api/public/landing-templates/list
Γö£ ╞Æ /api/public/landing-templates/sdk-config
Γö£ ╞Æ /api/templates/[id]/stats
Γö£ ╞Æ /api/templates/list
Γö£ Γùï /authority
Γö£ Γùï /automation
Γö£ Γùï /ban-hang
Γö£ Γùï /bao-cao
Γö£ ╞Æ /builder/[pageId]
Γö£ Γùï /cloudphone/account-manager
Γö£ Γùï /cloudphone/cua-hang-cho-thue
Γö£ Γùï /cloudphone/custom-actions
Γö£ Γùï /cloudphone/dieu-khien-dong-bo
Γö£ Γùï /cloudphone/file-manager
Γö£ Γùï /cloudphone/quan-ly-thiet-bi
Γö£ Γùï /cloudphone/social-accounts
Γö£ Γùï /cloudphone/workflow-builder
Γö£ ╞Æ /cloudphone/workflow-builder/[id]
Γö£ Γùï /cloudphone/workflow-manager
Γö£ Γùï /cloudphone/workflow-store
Γö£ Γùï /content
Γö£ Γùï /e-learning
Γö£ Γùï /e-learning/bao-cao
Γö£ Γùï /e-learning/branch-management
Γö£ Γùï /e-learning/consultant
Γö£ Γùï /e-learning/danh-muc
Γö£ Γùï /e-learning/giang-vien
Γö£ Γùï /e-learning/khoa-hoc
Γö£ Γùï /e-learning/lecturer
Γö£ Γùï /e-learning/lecturer/attendance
Γö£ Γùï /e-learning/lecturer/enter-grades
Γö£ Γùï /e-learning/lecturer/learning-progress
Γö£ Γùï /e-learning/lecturer/lecture-editor
Γö£ Γùï /e-learning/lecturer/lectures
Γö£ Γùï /e-learning/lecturer/my-classes
Γö£ Γùï /e-learning/lecturer/my-schedule
Γö£ Γùï /e-learning/lecturer/profile
Γö£ Γùï /e-learning/lecturer/room-info
Γö£ Γùï /e-learning/lecturer/schedule-adjustments
Γö£ Γùï /e-learning/parents
Γö£ Γùï /e-learning/sinh-vien
Γö£ Γùï /e-learning/student
Γö£ ╞Æ /e-learning/student/[...feature]
Γö£ Γùï /e-learning/thiet-lap
Γö£ Γùï /e-learning/thoi-khoa-bieu
Γö£ Γùï /e-learning/tong-quan
Γö£ Γùï /education
Γö£ Γùï /education/change-password
Γö£ Γùï /education/dashboard/admin
Γö£ ΓùÅ /education/dashboard/admin/[...feature]
Γöé Γö£ /education/dashboard/admin/notifications
Γöé Γö£ /education/dashboard/admin/reports
Γöé Γöö /education/dashboard/admin/settings
Γö£ Γùï /education/dashboard/admin/academic-cohorts
Γö£ Γùï /education/dashboard/admin/buildings
Γö£ Γùï /education/dashboard/admin/classes
Γö£ Γùï /education/dashboard/admin/contracts
Γö£ Γùï /education/dashboard/admin/course-classes
Γö£ Γùï /education/dashboard/admin/courses
Γö£ ΓùÅ /education/dashboard/admin/courses/[id]
Γöé Γöö /education/dashboard/admin/courses/placeholder
Γö£ Γùï /education/dashboard/admin/degrees
Γö£ Γùï /education/dashboard/admin/departments
Γö£ Γùï /education/dashboard/admin/divisions
Γö£ Γùï /education/dashboard/admin/employees
Γö£ Γùï /education/dashboard/admin/lecturers
Γö£ Γùï /education/dashboard/admin/majors
Γö£ Γùï /education/dashboard/admin/password-reset-requests
Γö£ Γùï /education/dashboard/admin/persons
Γö£ Γùï /education/dashboard/admin/positions
Γö£ Γùï /education/dashboard/admin/rbac
Γö£ Γùï /education/dashboard/admin/rooms
Γö£ ΓùÅ /education/dashboard/admin/rooms/[id]
Γöé Γöö /education/dashboard/admin/rooms/placeholder
Γö£ Γùï /education/dashboard/admin/schedule-adjustments
Γö£ Γùï /education/dashboard/admin/schedules
Γö£ Γùï /education/dashboard/admin/school-years
Γö£ Γùï /education/dashboard/admin/semesters
Γö£ Γùï /education/dashboard/admin/signin
Γö£ Γùï /education/dashboard/admin/specializations
Γö£ Γùï /education/dashboard/admin/staffs
Γö£ Γùï /education/dashboard/admin/student-class-assignments
Γö£ Γùï /education/dashboard/admin/student-status-catalog
Γö£ Γùï /education/dashboard/admin/students
Γö£ Γùï /education/dashboard/admin/time-slots
Γö£ Γùï /education/dashboard/admin/training-programs
Γö£ Γùï /education/dashboard/admin/users
Γö£ Γùï /education/dashboard/branch-management
Γö£ Γùï /education/dashboard/branch-management/signin
Γö£ Γùï /education/dashboard/consultant
Γö£ Γùï /education/dashboard/lecturer
Γö£ Γùï /education/dashboard/lecturer/attendance
Γö£ Γùï /education/dashboard/lecturer/enter-grades
Γö£ Γùï /education/dashboard/lecturer/learning-progress
Γö£ Γùï /education/dashboard/lecturer/lecture-editor
Γö£ Γùï /education/dashboard/lecturer/lectures
Γö£ Γùï /education/dashboard/lecturer/my-classes
Γö£ Γùï /education/dashboard/lecturer/my-schedule
Γö£ Γùï /education/dashboard/lecturer/profile
Γö£ Γùï /education/dashboard/lecturer/room-info
Γö£ Γùï /education/dashboard/lecturer/schedule-adjustments
Γö£ Γùï /education/dashboard/parents
Γö£ Γùï /education/dashboard/student
Γö£ ΓùÅ /education/dashboard/student/[...feature]
Γöé Γö£ /education/dashboard/student/notifications
Γöé Γö£ /education/dashboard/student/documents
Γöé Γö£ /education/dashboard/student/tuition
Γöé Γöö [+3 more paths]
Γö£ Γùï /education/dashboard/student/academic-results
Γö£ Γùï /education/dashboard/student/my-schedule
Γö£ Γùï /education/dashboard/student/profile
Γö£ Γùï /education/forgot-password
Γö£ Γùï /education/profile
Γö£ Γùï /error-404
Γö£ Γùï /facebook-ads/cai-dat
Γö£ Γùï /facebook-ads/email-tam-thoi
Γö£ Γùï /facebook-ads/fanpage
Γö£ Γùï /facebook-ads/tai-khoan-bm
Γö£ Γùï /facebook-ads/tai-khoan-qc
Γö£ Γùï /keywords
Γö£ Γùï /khach-hang
Γö£ Γùï /kho-ung-dung
Γö£ Γùï /landing-pages
Γö£ ╞Æ /landing-pages/editor/[pageId]
Γö£ Γùï /landing-pages/templates
Γö£ Γùï /local
Γö£ Γùï /offerkit
Γö£ Γùï /offerkit/campaigns
Γö£ ╞Æ /offerkit/campaigns/[id]
Γö£ Γùï /offerkit/campaigns/new
Γö£ Γùï /offerkit/customers
Γö£ ╞Æ /offerkit/customers/[id]
Γö£ Γùï /offerkit/customers/new
Γö£ Γùï /offerkit/events
Γö£ Γùï /offerkit/insights
Γö£ Γùï /offerkit/loyalty
Γö£ ╞Æ /offerkit/loyalty/[id]
Γö£ ╞Æ /offerkit/loyalty/members/[id]
Γö£ Γùï /offerkit/loyalty/new
Γö£ Γùï /offerkit/orders
Γö£ ╞Æ /offerkit/orders/[id]
Γö£ Γùï /offerkit/redemptions/stack
Γö£ Γùï /offerkit/referrals
Γö£ ╞Æ /offerkit/referrals/[id]
Γö£ Γùï /offerkit/referrals/new
Γö£ Γùï /offerkit/rewards
Γö£ ╞Æ /offerkit/rewards/[id]
Γö£ Γùï /offerkit/rewards/new
Γö£ Γùï /offerkit/rules
Γö£ ╞Æ /offerkit/rules/[id]
Γö£ Γùï /offerkit/rules/new
Γö£ Γùï /offerkit/segments
Γö£ ╞Æ /offerkit/segments/[id]
Γö£ Γùï /offerkit/segments/new
Γö£ Γùï /offerkit/settings
Γö£ Γùï /offerkit/settings/api-keys
Γö£ Γùï /offerkit/settings/audit-log
Γö£ Γùï /offerkit/vouchers
Γö£ ╞Æ /offerkit/vouchers/[code]
Γö£ Γùï /offerkit/vouchers/new
Γö£ Γùï /offerkit/webhooks
Γö£ ╞Æ /offerkit/webhooks/[id]
Γö£ Γùï /office
Γö£ Γùï /otto
Γö£ Γùï /otto/create-project
Γö£ ╞Æ /p/[slug]
Γö£ Γùï /profile
Γö£ Γùï /sales-kit
Γö£ ╞Æ /sdk/builder.js
Γö£ ╞Æ /sdk/landing-template-runtime.js
Γö£ ╞Æ /sdk/landing-template.js
Γö£ ╞Æ /sdk/landingpage-runtime.js
Γö£ ╞Æ /sdk/landingpage.js
Γö£ Γùï /settings
Γö£ Γùï /signin
Γö£ Γùï /signup
Γö£ Γùï /site-metrics
Γöö ╞Æ /templates/[slug]


╞Æ Proxy (Middleware)

Γùï  (Static)   prerendered as static content
ΓùÅ  (SSG)      prerendered as static HTML (uses generateStaticParams)
╞Æ  (Dynamic)  server-rendered on demand

